// Jest Snapshot v1, https://goo.gl/fbAQLP

exports[`ListPage component should render as expected 1`] = `
<div
  className="row"
>
  <div
    className="col-12 col-sm-12"
  >
    <h2>
      â€˜s Profile
    </h2>
    <h3>
      Artists They Like
    </h3>
    <div />
    <h3>
      Albums They Own
    </h3>
    <div />
  </div>
</div>
`;
